// Jest Snapshot v1, https://goo.gl/fbAQLP

exports[`ChatList render with snapshot 1`] = `
<DocumentFragment>
  <div
    class="chats-wrapper"
  >
    <form
      class="add-chat"
    >
      <input
        class="add-chat__input"
        placeholder="название чата"
        value=""
      />
      <input
        class="add-chat__btn"
        data-testid="add-chat__btn"
        type="submit"
        value="+"
      />
    </form>
    <ul
      class="MuiList-root MuiList-padding css-1uvrni2-MuiList-root"
    />
  </div>
</DocumentFragment>
`;
